Обработка файла: test_01.in
Определитель матрицы:
-1.31718e+08
-----------------------------------
Обработка файла: test_02.in
Определитель матрицы:
-7.77507e+07